// Jest Snapshot v1, https://goo.gl/fbAQLP

exports[`Breadcrumbs displays separators in correct positions 1`] = `
<ForwardRef
  aria-label=""
  data-baseweb="breadcrumbs"
>
  <ForwardRef>
    <ForwardRef
      key="0"
    >
      <StyledLink
        href="#"
      >
        Parent Page
      </StyledLink>
      <ForwardRef
        key="separator-0"
      >
        <ChevronRight
          overrides={
            Object {
              "Svg": Object {
                "style": Object {
                  "verticalAlign": "text-bottom",
                },
              },
            }
          }
        />
      </ForwardRef>
    </ForwardRef>
    <ForwardRef
      key="1"
    >
      <StyledLink
        href="#"
      >
        Sub-Parent Page
      </StyledLink>
      <ForwardRef
        key="separator-1"
      >
        <ChevronRight
          overrides={
            Object {
              "Svg": Object {
                "style": Object {
                  "verticalAlign": "text-bottom",
                },
              },
            }
          }
        />
      </ForwardRef>
    </ForwardRef>
    <ForwardRef
      key="2"
    >
      <span>
        Current Page
      </span>
    </ForwardRef>
  </ForwardRef>
</ForwardRef>
`;
